// Jest Snapshot v1, https://goo.gl/fbAQLP

exports[`SELECT * FROM users WHERE id = $1 1`] = `
Object {
  "id": 2,
  "name": "lorem",
}
`;

exports[`query 1`] = `
Object {
  "id": 2,
  "name": "lorem",
}
`;
